                                                   ✨ PromptArena ✨                                                    
                                                      View results                                                      
                                                                                                                        
╭──────────────────────────────────────────────────────────────────────────────────────────────────────────────────╮    
│                                                                                                                  │    
│  📁 Browse Results                                                                                               │    
│    Bummer. No Files Found.                                                                                       │    
│                                                                                                                  │    
│                                                                                                                  │    
│                                                                                                                  │    
│                                                                                                                  │    
│                                                                                                                  │    
│                                                                                                                  │    
│                                                                                                                  │    
│                                                                                                                  │    
│                                                                                                                  │    
│                                                                                                                  │    
│                                                                                                                  │    
│                                                                                                                  │    
│                                                                                                                  │    
│                                                                                                                  │    
│                                                                                                                  │    
│                                                                                                                  │    
│                                                                                                                  │    
│                                                                                                                  │    
│                                                                                                                  │    
│                                                                                                                  │    
│                                                                                                                  │    
│                                                                                                                  │    
│                                                                                                                  │    
│                                                                                                                  │    
│                                                                                                                  │    
│                                                                                                                  │    
│                                                                                                                  │    
│                                                                                                                  │    
│                                                                                                                  │    
│                                                                                                                  │    
╰──────────────────────────────────────────────────────────────────────────────────────────────────────────────────╯    
                                                                                                                        
 ↑/↓ navigate • enter open • ←/h parent dir • esc back                                                                  