╭──────────────────────────────────────────────────────────────────────────╮
│                                                                          │
│  📁 Browse Results                                                       │
│    Bummer. No Files Found.                                               │
│                                                                          │
│                                                                          │
│                                                                          │
│                                                                          │
│                                                                          │
│                                                                          │
│                                                                          │
│                                                                          │
│                                                                          │
│                                                                          │
│                                                                          │
│                                                                          │
│                                                                          │
│                                                                          │
│                                                                          │
│                                                                          │
│                                                                          │
│                                                                          │
│                                                                          │
╰──────────────────────────────────────────────────────────────────────────╯