                               ✨ PromptArena ✨                                
                                      Home                                      
                                                                                
no config — press c to pick, or run `promptarena init`                          
                                                                                
> enabled                                                                       
  config-req                                                                    
                                                                                
                                                                                
                                                                                
                                                                                
                                                                                
                                                                                
                                                                                
                                                                                
                                                                                
                                                                                
                                                                                
                                                                                
                                                                                
                                                                                
                                                                                
                                                                                
 ↑/↓ move • enter select • c config • q quit                                    