╭─────────────────────────────────────────────────────────────────────────────╮
│                                                                             │
│ Logs                                                                        │
│ [INFO] run started                                                          │
│ [WARN] retrying provider call                                               │
│ [ERROR] timeout after 30s                                                   │
│                                                                             │
│                                                                             │
│                                                                             │
│                                                                             │
│                                                                             │
│                                                                             │
│                                                                             │
│                                                                             │
│                                                                             │
│                                                                             │
│                                                                             │
│                                                                             │
│                                                                             │
│                                                                             │
│                                                                             │
│                                                                             │
│                                                                             │
╰─────────────────────────────────────────────────────────────────────────────╯