                                         ✨ PromptArena ✨                                                
                                .  •  [░░░░░░░░░░░░ 0/0]  •  ⏱  0ms                                       
                                                                                                          
╭──────────────────────────────────────────────────────────────────────────────────────────────────╮      
│                                                                                                  │      
│  📊 Active Runs                                                                                  │      
│   Status      Provider              Scenario                        Region        Duration       │      
│  ──────────────────────────────────────────────────────────────────────────────────────────────  │      
│                                                                                                  │      
│                                                                                                  │      
│                                                                                                  │      
╰──────────────────────────────────────────────────────────────────────────────────────────────────╯      
╭───────────────────────────────────────────────╮╭────────────────────────────────────────────────╮       
│                                               ││                                                │       
│ Logs                                          ││  No run selected                               │       
│ No logs yet...                                ││   ✓   Type         Score    Details            │       
│                                               ││  ────────────────────────────────────────────  │       
│                                               ││                                                │       
│                                               ││                                                │       
│                                               ││                                                │       
│                                               ││                                                │       
│                                               ││                                                │       
│                                               ││                                                │       
│                                               ││                                                │       
│                                               ││                                                │       
│                                               ││                                                │       
│                                               ││                                                │       
╰───────────────────────────────────────────────╯╰────────────────────────────────────────────────╯       
                                                                                                          
 q quit • tab cycle focus • enter open conversation • ctrl+←↑↓→ resize • z collapse • ↑/↓ navigate/scroll 