                     ✨ PromptArena ✨                                                            
                  .  •  [░░░░░░░░░░░░ 0/0]                                                        
                                                                                                  
                                                                                                  
                                                                                                  
                                                                                                  
                                                                                                  
                                                                                                  
                                                                                                  
            No scenarios defined in this config.                                                  
                                                                                                  
   Add scenarios to the config, or press esc to go back.                                          
                                                                                                  
                                                                                                  
                                                                                                  
                                                                                                  
                                                                                                  
                                                                                                  
                                                                                                  
 ↑/↓ navigate/scroll • tab cycle focus • enter open conversation • z collapse • esc back • q quit 