                                         ✨ PromptArena ✨                                          
                                      .  •  [░░░░░░░░░░░░ 0/0]                                      
                                                                                                    
╭──────────────────────────────────────────────────────────────────────────────────────────────────╮
│                                                                                                  │
│  📊 Active Runs                                                                                  │
│   Status   Provider        Scenario                  Region    Duration  Cost     Notes          │
│  ──────────────────────────────────────────────────────────────────────────────────────────────  │
│   ✓ Done   mock            demo-scenario             us        2s        $0.0000                 │
│                                                                                                  │
│                                                                                                  │
╰──────────────────────────────────────────────────────────────────────────────────────────────────╯
╭──────────────────────────────────────────────────────────────────────────────────────────────────╮
│                                                                                                  │
│  No run selected                                                                                 │
│   ✓   Type                       Score    Details                                                │
│  ──────────────────────────────────────────────────────────────────────────────────────────────  │
│                                                                                                  │
│                                                                                                  │
│                                                                                                  │
│                                                                                                  │
│                                                                                                  │
│                                                                                                  │
│                                                                                                  │
│                                                                                                  │
│                                                                                                  │
│                                                                                                  │
╰──────────────────────────────────────────────────────────────────────────────────────────────────╯
                                                                                                    
 ↑/↓ navigate/scroll • tab cycle focus • enter open conversation • z collapse • esc back • q quit   