                                         ✨ PromptArena ✨                                                
                                .  •  [░░░░░░░░░░░░ 0/0]  •  ⏱  0ms                                       
                                                                                                          
╭──────────────────────────────────────────────────────────────────────────────────────────────────╮      
│                                                                                                  │      
│  📊 Active Runs                                                                                  │      
│   Status      Provider              Scenario                        Region        Duration       │      
│  ──────────────────────────────────────────────────────────────────────────────────────────────  │      
│   ✓ Done      mock                  demo-scenario                   us            2s             │      
│                                                                                                  │      
│                                                                                                  │      
╰──────────────────────────────────────────────────────────────────────────────────────────────────╯      
╭──────────────────────────────────────────────────────────────────────────────────────────────────╮      
│                                                                                                  │      
│  No run selected                                                                                 │      
│   ✓   Type                       Score    Details                                                │      
│  ──────────────────────────────────────────────────────────────────────────────────────────────  │      
│                                                                                                  │      
│                                                                                                  │      
│                                                                                                  │      
│                                                                                                  │      
│                                                                                                  │      
│                                                                                                  │      
│                                                                                                  │      
│                                                                                                  │      
│                                                                                                  │      
│                                                                                                  │      
╰──────────────────────────────────────────────────────────────────────────────────────────────────╯      
                                                                                                          
 q quit • tab cycle focus • enter open conversation • ctrl+←↑↓→ resize • z collapse • ↑/↓ navigate/scroll 