                                         ✨ PromptArena ✨                                          
                                      .  •  [░░░░░░░░░░░░ 0/0]                                      
                                                                                                    
╭──────────────────────────────────────────────────────────────────────────────────────────────────╮
│                                                                                                  │
│  📊 Active Runs                                                                                  │
│   Aud…  Status  Provider       Scenario                 Region    Duration  Cost    Notes        │
│  ──────────────────────────────────────────────────────────────────────────────────────────────  │
│         ✓ Done  mock           demo-scenario            us        2s        $0.00…               │
│                                                                                                  │
│                                                                                                  │
╰──────────────────────────────────────────────────────────────────────────────────────────────────╯
╭──────────────────────────────────────────────────────────────────────────────────────────────────╮
│                                                                                                  │
│  No run selected                                                                                 │
│   ✓   Type                       Score    Details                                                │
│  ──────────────────────────────────────────────────────────────────────────────────────────────  │
│                                                                                                  │
│                                                                                                  │
│                                                                                                  │
│                                                                                                  │
│                                                                                                  │
│                                                                                                  │
│                                                                                                  │
│                                                                                                  │
│                                                                                                  │
│                                                                                                  │
╰──────────────────────────────────────────────────────────────────────────────────────────────────╯
                                                                                                    
 ↑/↓ navigate/scroll • tab cycle focus • enter open conversation • z collapse • esc back • q quit   