                               ✨ PromptArena ✨                                                  
                     run-test-config  •  [░░░░░░░░░░░░ 0/1]                                       
                                                                                                  
╭──────────────────────────────────────────────────────────────────────────────╮                  
│                                                                              │                  
│  📊 Active Runs                                                              │                  
│   Stat…  Provider     Scenario             Region  Durat…  Cost   Notes      │                  
│  ──────────────────────────────────────────────────────────────────────────  │                  
│                                                                              │                  
│                                                                              │                  
╰──────────────────────────────────────────────────────────────────────────────╯                  
╭─────────────────────────────────────╮╭──────────────────────────────────────╮                   
│                                     ││                                      │                   
│ Logs                                ││  No run selected                     │                   
│ No logs yet...                      ││   ✓   Type      Score    Details     │                   
│                                     ││  ──────────────────────────────────  │                   
│                                     ││                                      │                   
│                                     ││                                      │                   
│                                     ││                                      │                   
│                                     ││                                      │                   
│                                     ││                                      │                   
╰─────────────────────────────────────╯╰──────────────────────────────────────╯                   
                                                                                                  
 ↑/↓ navigate/scroll • tab cycle focus • enter open conversation • z collapse • esc back • q quit 