                               ✨ PromptArena ✨                                
                                     Deploy                                     
                                                                                
╭─────────────────────────────────────────────────────╮                         
│                                                     │                         
│  ⠋ Waiting for authorization…                       │                         
│                                                     │                         
│  If your browser didn't open, visit:                │                         
│  https://auth.example/oauth/authorize?state=abc123  │                         
│                                                     │                         
╰─────────────────────────────────────────────────────╯                         
                                                                                
                                                                                
                                                                                
                                                                                
                                                                                
                                                                                
                                                                                
                                                                                
                                                                                
                                                                                
                                                                                
                                                                                
 c cancel • esc back                                                            