                               ✨ PromptArena ✨                                
                                     Deploy                                     
                                                                                
Status: degraded                                                                
                                                                                
╭───────────────────────────────────────────────────────────────────────────────
│                                                                               
│         Type             Name                Status   Notes                   
│  ─────────────────────────────────────────────────────────────────────────────
│   ✓     agent_runtime    bot                 healthy                          
│   ✗     a2a_endpoint     ep                  unheal…  5xx errors              
│                                                                               
│                                                                               
│                                                                               
│                                                                               
│                                                                               
│                                                                               
│                                                                               
│                                                                               
╰───────────────────────────────────────────────────────────────────────────────
                                                                                
                                                                                
                                                                                
 q back • esc back                                                              