                               ✨ PromptArena ✨                                
                                     Deploy                                     
                                                                                
╭─────────────────────────────╮                                                 
│                             │                                                 
│  Provider: omnia            │                                                 
│   ENVIRONMENT: PRODUCTION   │                                                 
│                             │                                                 
│  ✓ omnia v1.0.0             │                                                 
│  ✓ authenticated            │                                                 
│                             │                                                 
╰─────────────────────────────╯                                                 
                                                                                
                                                                                
                                                                                
                                                                                
                                                                                
                                                                                
                                                                                
                                                                                
                                                                                
                                                                                
                                                                                
 r retry • p plan • esc back                                                    