                               ✨ PromptArena ✨                                
                                     Deploy                                     
                                                                                
╭──────────────────────────────────────────────────────────────────────────────╮
│                                                                              │
│   ⚠ Deploying to PRODUCTION                                                  │
│                                                                              │
│  Type the environment name to confirm:                                       │
│  prod▏                                                                       │
│                                                                              │
╰──────────────────────────────────────────────────────────────────────────────╯
                                                                                
                                                                                
                                                                                
                                                                                
                                                                                
                                                                                
                                                                                
                                                                                
                                                                                
                                                                                
                                                                                
                                                                                
 enter confirm • esc back                                                       