PromptArena                                                                     
                                                                                
config: my-arena                                                                
                                                                                
> enabled                                                                       
  config-req                                                                    
                                                                                
                                                                                
                                                                                
                                                                                
                                                                                
                                                                                
                                                                                
                                                                                
                                                                                
                                                                                
                                                                                
                                                                                
                                                                                
                                                                                
                                                                                
                                                                                
                                                                                
                                                                                