                               ✨ PromptArena ✨                                
                                      Home                                      
                                                                                
config: my-arena                                                                
                                                                                
> enabled                                                                       
  config-req                                                                    
                                                                                
                                                                                
                                                                                
                                                                                
                                                                                
                                                                                
                                                                                
                                                                                
                                                                                
                                                                                
                                                                                
                                                                                
                                                                                
                                                                                
                                                                                
                                                                                
 ↑/↓ move • enter select • c config • q quit                                    