                                                                                                                        
                                                                                                                        
                                                                                                                        
                                                                                                                        
                                                                                                                        
                                                                                                                        
                                                                                                                        
                                                                                                                        
                                                                                                                        
                                                                                                                        
                                                                                                                        
                                                                                                                        
                                                                                                                        
                                                     ▲                                                                  
                                                    ███                                                                 
                                                   █████            ▲                                                   
                                               ◀███████████▶       ███                                                  
                                                   █████         ◀█████▶                                                
                                                    ███            ███                                                  
                                                     ▼              ▼                                                   
                                                                                                                        
                                                                                                                        
                                                                                                                        
                                           P r o m p t A r e n a   ·   vTEST                                            
                                  Test, evaluate, and ship AI agents with confidence.                                   
                                                                                                                        
                                                    press any key ▸                                                     
                                                                                                                        
                                                                                                                        
                                                                                                                        
                                                                                                                        
                                                                                                                        
                                                                                                                        
                                                                                                                        
                                                                                                                        
                                                                                                                        
                                                                                                                        
                                                                                                                        
                                                                                                                        
                                                                                                                        