                                                                                
                          ░▒░                                                   
                           ████▓            ░█████████████████▓                 
                           ▓█████▒          ▓██████████████████                 
                            ▒█████▓         ▓██████████████████                 
                              ▓█████▒       ▒██████████████████                 
                               ▒█████▓        ░░░░░░░░░░░░░░░                   
                                 ▓█████▒     ▒▒▒▒▒▒▒▒▒▒▒▒▒▒▒▒▒░                 
                                  ▒█████▓   ▒██████████████████                 
                                    █████▓  ▓██████████████████                 
                                  ░██████   ▒██████████████████                 
                                 ▓█████▒     ▓▓▓▓▓▓▓▓▓▓▓▓▓▓▓▓▓░                 
                               ░██████░                                         
                              ▓█████▒       ▒██████████████████                 
                            ░██████░        ▓██████████████████                 
                           ▓█████▒          ▓██████████████████                 
                           █████░           ▒██████████████████                 
                            ▒▒░                                                 
                                                                                
                         P r o m p t K i t   ·   vTEST                          
                        prompt testing, in your terminal                        
                                                                                
                                press any key ▸                                 
                                                                                